34.117.50.95 - - [24/May/2023:07:44:50 +0000] "HEAD /productize/e-business/revolutionize HTTP/1.0" 416 27764 "http://www.chiefrich.io/rich/systems/incubate/end-to-end" "Mozilla/5.0 (X11; Linux x86_64) AppleWebKit/5351 (KHTML, like Gecko) Chrome/40.0.886.0 Mobile Safari/5351"
157.221.150.104 - - [24/May/2023:07:44:51 +0000] "HEAD /e-services/revolutionize/robust HTTP/2.0" 501 94828 "http://www.forwardrevolutionary.name/mindshare" "Mozilla/5.0 (Macintosh; U; Intel Mac OS X 10_9_0) AppleWebKit/5352 (KHTML, like Gecko) Chrome/38.0.894.0 Mobile Safari/5352"
57.149.80.86 - - [24/May/2023:07:44:51 +0000] "DELETE /infrastructures/e-tailers/visualize HTTP/2.0" 100 31223 "https://www.dynamicinteractive.net/granular" "Mozilla/5.0 (X11; Linux i686) AppleWebKit/5331 (KHTML, like Gecko) Chrome/37.0.890.0 Mobile Safari/5331"
39.134.134.184 - - [24/May/2023:07:44:51 +0000] "DELETE /e-services HTTP/1.0" 404 85194 "http://www.leaditerate.name/transparent/seize/utilize/rich" "Mozilla/5.0 (Windows 98; en-US; rv:1.9.2.20) Gecko/1994-13-12 Firefox/35.0"
17.233.223.17 - - [24/May/2023:07:44:51 +0000] "GET /transition/user-centric HTTP/1.0" 401 43180 "http://www.nationalseamless.com/optimize/sexy" "Opera/10.74 (Macintosh; U; PPC Mac OS X 10_8_4; en-US) Presto/2.9.222 Version/13.00"
253.147.144.67 - - [24/May/2023:07:44:52 +0000] "PUT /harness/benchmark/one-to-one/killer HTTP/1.1" 500 93936 "https://www.globalproductize.io/incentivize/revolutionary/back-end/out-of-the-box" "Mozilla/5.0 (X11; Linux i686) AppleWebKit/5312 (KHTML, like Gecko) Chrome/39.0.889.0 Mobile Safari/5312"
107.182.194.66 - hayes7671 [24/May/2023:07:44:52 +0000] "DELETE /proactive HTTP/1.1" 500 34341 "https://www.dynamicinterfaces.biz/facilitate" "Opera/9.52 (Macintosh; PPC Mac OS X 10_7_7; en-US) Presto/2.9.199 Version/10.00"
151.225.255.44 - - [24/May/2023:07:44:52 +0000] "HEAD /viral/customized/cultivate HTTP/1.1" 304 26768 "http://www.forwardsynergies.net/transform/synergize/revolutionary/channels" "Opera/10.77 (Macintosh; U; PPC Mac OS X 10_8_1; en-US) Presto/2.9.215 Version/11.00"
60.166.70.72 - mertz1181 [24/May/2023:07:44:53 +0000] "HEAD /solutions/bricks-and-clicks HTTP/1.0" 301 7727 "https://www.principalmesh.com/reinvent/redefine/benchmark" "Mozilla/5.0 (Windows 98) AppleWebKit/5322 (KHTML, like Gecko) Chrome/36.0.861.0 Mobile Safari/5322"
8.199.47.106 - labadie6144 [24/May/2023:07:44:53 +0000] "POST /web-enabled/front-end HTTP/2.0" 201 52730 "http://www.dynamicout-of-the-box.io/architect/frictionless" "Mozilla/5.0 (X11; Linux x86_64) AppleWebKit/5312 (KHTML, like Gecko) Chrome/36.0.875.0 Mobile Safari/5312"
fluid-line.ru 8.199.47.106 - labadie6144 [24/May/2023:07:44:55 +0000] "POST /web-enabled/front-end HTTP/2.0" 201 52730 "http://www.dynamicout-of-the-box.io/architect/frictionless" "Mozilla/5.0 (X11; Linux x86_64) AppleWebKit/5312 (KHTML, like Gecko) Chrome/36.0.875.0 Mobile Safari/5312"
fluid-line.ru 8.199.47.106 - labadie6144 [24/May/2023:07:44:56 +0000] "POST /web-enabled/front-end HTTP/2.0" 201 52730 "http://www.dynamicout-of-the-box.io/architect/frictionless" "Mozilla/5.0 (X11; Linux x86_64) AppleWebKit/5312 (KHTML, like Gecko) Chrome/36.0.875.0 Mobile Safari/5312"
fluid-line.ru 8.199.47.106 - labadie6144 [24/May/2023:07:44:57 +0000] "POST /web-enabled/front-end HTTP/2.0" 201 52730 "http://www.dynamicout-of-the-box.io/architect/frictionless" "Mozilla/5.0 (X11; Linux x86_64) AppleWebKit/5312 (KHTML, like Gecko) Chrome/36.0.875.0 Mobile Safari/5312"
fluid-line.ru 8.199.47.106 - labadie6144 [24/May/2023:10:44:57 +0000] "POST /web-enabled/front-end HTTP/2.0" 201 52730 "http://www.dynamicout-of-the-box.io/architect/frictionless" "Mozilla/5.0 (X11; Linux x86_64) AppleWebKit/5312 (KHTML, like Gecko) Chrome/36.0.875.0 Mobile Safari/5312"
fluid-line.ru 8.199.47.106 - labadie6144 [24/May/2023:10:45:57 +0000] "POST /web-enabled/front-end HTTP/2.0" 201 52730 "http://www.dynamicout-of-the-box.io/architect/frictionless" "Mozilla/5.0 (X11; Linux x86_64) AppleWebKit/5312 (KHTML, like Gecko) Chrome/36.0.875.0 Mobile Safari/5312"
fluid-line.ru 8.199.47.106 - labadie6144 [24/May/2023:10:44:58 +0000] "GET /web-enabled/front-end HTTP/2.0" 201 52730 "http://www.dynamicout-of-the-box.io/architect/frictionless" "Mozilla/5.0 (X11; Linux x86_64) AppleWebKit/5312 (KHTML, like Gecko) Chrome/36.0.875.0 Mobile Safari/5312"
fluid-line.ru 8.199.47.106 - labadie6144 [24/May/2023:10:45:59 +0000] "POST /web-enabled HTTP/2.0" 201 52730 "http://www.dynamicout-of-the-box.io/architect/frictionless" "Mozilla/5.0 (X11; Linux x86_64) AppleWebKit/5312 (KHTML, like Gecko) Chrome/36.0.875.0 Mobile Safari/5312"
